INFO: [VRFC 10-2263] Analyzing Verilog file "C:/Users/ShoudongLUO/Desktop/RISCV/TinyRiscV_My/Tiny_A7/Tiny_FPGA/Tiny_FPGA.srcs/sources_1/imports/rtl/perips/ADC_UDP_TOP/ADC_UDP_Top.v" into library xil_defaultlib
INFO: [VRFC 10-311] analyzing module ADC_UDP_top
INFO: [VRFC 10-2263] Analyzing Verilog file "C:/Users/ShoudongLUO/Desktop/RISCV/TinyRiscV_My/Tiny_A7/Tiny_FPGA/Tiny_FPGA.srcs/sources_1/imports/rtl/perips/ADC_UDP_TOP/Baseline_Volt_Cal.v" into library xil_defaultlib
INFO: [VRFC 10-311] analyzing module Baseline_Volt_Cal
INFO: [VRFC 10-2263] Analyzing Verilog file "C:/Users/ShoudongLUO/Desktop/RISCV/TinyRiscV_My/Tiny_A7/Tiny_FPGA/Tiny_FPGA.srcs/sources_1/new/FPGA_TEST.v" into library xil_defaultlib
INFO: [VRFC 10-311] analyzing module fpga_sipo_test
INFO: [VRFC 10-2263] Analyzing Verilog file "C:/Users/ShoudongLUO/Desktop/RISCV/TinyRiscV_My/Tiny_A7/Tiny_FPGA/Tiny_FPGA.srcs/sources_1/imports/rtl/perips/I2C_ctrl.v" into library xil_defaultlib
INFO: [VRFC 10-311] analyzing module i2c_controller
INFO: [VRFC 10-2263] Analyzing Verilog file "C:/Users/ShoudongLUO/Desktop/RISCV/TinyRiscV_My/Tiny_A7/Tiny_FPGA/Tiny_FPGA.srcs/sources_1/imports/rtl/perips/SPI_master.v" into library xil_defaultlib
INFO: [VRFC 10-311] analyzing module SPI_Master
INFO: [VRFC 10-2263] Analyzing Verilog file "C:/Users/ShoudongLUO/Desktop/RISCV/TinyRiscV_My/Tiny_A7/Tiny_FPGA/Tiny_FPGA.srcs/sources_1/imports/rtl/perips/SPI_warpper.v" into library xil_defaultlib
INFO: [VRFC 10-311] analyzing module spi_wrapper
INFO: [VRFC 10-2263] Analyzing Verilog file "C:/Users/ShoudongLUO/Desktop/RISCV/TinyRiscV_My/Tiny_A7/Tiny_FPGA/Tiny_FPGA.srcs/sources_1/imports/rtl/perips/ADC_UDP_TOP/adc_core.v" into library xil_defaultlib
INFO: [VRFC 10-311] analyzing module adc_core
INFO: [VRFC 10-2263] Analyzing Verilog file "C:/Users/ShoudongLUO/Desktop/RISCV/TinyRiscV_My/Tiny_A7/Tiny_FPGA/Tiny_FPGA.srcs/sources_1/imports/rtl/utils/cdc_sync_level.v" into library xil_defaultlib
INFO: [VRFC 10-311] analyzing module cdc_sync_level
INFO: [VRFC 10-2263] Analyzing Verilog file "C:/Users/ShoudongLUO/Desktop/RISCV/TinyRiscV_My/Tiny_A7/Tiny_FPGA/Tiny_FPGA.srcs/sources_1/imports/rtl/core/clint.v" into library xil_defaultlib
INFO: [VRFC 10-311] analyzing module clint
INFO: [VRFC 10-2263] Analyzing Verilog file "C:/Users/ShoudongLUO/Desktop/RISCV/TinyRiscV_My/Tiny_A7/Tiny_FPGA/Tiny_FPGA.srcs/sources_1/imports/rtl/perips/ADC_UDP_TOP/crc32_d8.v" into library xil_defaultlib
INFO: [VRFC 10-311] analyzing module crc32_d8
INFO: [VRFC 10-2263] Analyzing Verilog file "C:/Users/ShoudongLUO/Desktop/RISCV/TinyRiscV_My/Tiny_A7/Tiny_FPGA/Tiny_FPGA.srcs/sources_1/imports/rtl/core/csr_reg.v" into library xil_defaultlib
INFO: [VRFC 10-311] analyzing module csr_reg
INFO: [VRFC 10-2263] Analyzing Verilog file "C:/Users/ShoudongLUO/Desktop/RISCV/TinyRiscV_My/Tiny_A7/Tiny_FPGA/Tiny_FPGA.srcs/sources_1/imports/rtl/core/divider.v" into library xil_defaultlib
INFO: [VRFC 10-311] analyzing module divider
INFO: [VRFC 10-2263] Analyzing Verilog file "C:/Users/ShoudongLUO/Desktop/RISCV/TinyRiscV_My/Tiny_A7/Tiny_FPGA/Tiny_FPGA.srcs/sources_1/imports/rtl/core/exu.v" into library xil_defaultlib
INFO: [VRFC 10-311] analyzing module exu
INFO: [VRFC 10-2263] Analyzing Verilog file "C:/Users/ShoudongLUO/Desktop/RISCV/TinyRiscV_My/Tiny_A7/Tiny_FPGA/Tiny_FPGA.srcs/sources_1/imports/rtl/core/exu_alu_datapath.v" into library xil_defaultlib
INFO: [VRFC 10-311] analyzing module exu_alu_datapath
INFO: [VRFC 10-2263] Analyzing Verilog file "C:/Users/ShoudongLUO/Desktop/RISCV/TinyRiscV_My/Tiny_A7/Tiny_FPGA/Tiny_FPGA.srcs/sources_1/imports/rtl/core/exu_commit.v" into library xil_defaultlib
INFO: [VRFC 10-311] analyzing module exu_commit
INFO: [VRFC 10-2263] Analyzing Verilog file "C:/Users/ShoudongLUO/Desktop/RISCV/TinyRiscV_My/Tiny_A7/Tiny_FPGA/Tiny_FPGA.srcs/sources_1/imports/rtl/core/exu_dispatch.v" into library xil_defaultlib
INFO: [VRFC 10-311] analyzing module exu_dispatch
INFO: [VRFC 10-2263] Analyzing Verilog file "C:/Users/ShoudongLUO/Desktop/RISCV/TinyRiscV_My/Tiny_A7/Tiny_FPGA/Tiny_FPGA.srcs/sources_1/imports/rtl/core/exu_mem.v" into library xil_defaultlib
INFO: [VRFC 10-311] analyzing module exu_mem
INFO: [VRFC 10-2263] Analyzing Verilog file "C:/Users/ShoudongLUO/Desktop/RISCV/TinyRiscV_My/Tiny_A7/Tiny_FPGA/Tiny_FPGA.srcs/sources_1/imports/rtl/core/exu_muldiv.v" into library xil_defaultlib
INFO: [VRFC 10-311] analyzing module exu_muldiv
INFO: [VRFC 10-2263] Analyzing Verilog file "C:/Users/ShoudongLUO/Desktop/RISCV/TinyRiscV_My/Tiny_A7/Tiny_FPGA/Tiny_FPGA.srcs/sources_1/imports/rtl/utils/full_handshake_rx.v" into library xil_defaultlib
INFO: [VRFC 10-311] analyzing module full_handshake_rx
INFO: [VRFC 10-2263] Analyzing Verilog file "C:/Users/ShoudongLUO/Desktop/RISCV/TinyRiscV_My/Tiny_A7/Tiny_FPGA/Tiny_FPGA.srcs/sources_1/imports/rtl/utils/full_handshake_tx.v" into library xil_defaultlib
INFO: [VRFC 10-311] analyzing module full_handshake_tx
INFO: [VRFC 10-2263] Analyzing Verilog file "C:/Users/ShoudongLUO/Desktop/RISCV/TinyRiscV_My/Tiny_A7/Tiny_FPGA/Tiny_FPGA.srcs/sources_1/imports/rtl/utils/gen_buf.v" into library xil_defaultlib
INFO: [VRFC 10-311] analyzing module gen_ticks_sync
INFO: [VRFC 10-2263] Analyzing Verilog file "C:/Users/ShoudongLUO/Desktop/RISCV/TinyRiscV_My/Tiny_A7/Tiny_FPGA/Tiny_FPGA.srcs/sources_1/imports/rtl/utils/gen_dff.v" into library xil_defaultlib
INFO: [VRFC 10-311] analyzing module gen_pipe_dff
INFO: [VRFC 10-311] analyzing module gen_rst_0_dff
INFO: [VRFC 10-311] analyzing module gen_rst_1_dff
INFO: [VRFC 10-311] analyzing module gen_rst_def_dff
INFO: [VRFC 10-311] analyzing module gen_en_dff
INFO: [VRFC 10-311] analyzing module gen_en_dffnr
INFO: [VRFC 10-2263] Analyzing Verilog file "C:/Users/ShoudongLUO/Desktop/RISCV/TinyRiscV_My/Tiny_A7/Tiny_FPGA/Tiny_FPGA.srcs/sources_1/imports/rtl/utils/gen_ram.v" into library xil_defaultlib
INFO: [VRFC 10-311] analyzing module gen_ram
INFO: [VRFC 10-2263] Analyzing Verilog file "C:/Users/ShoudongLUO/Desktop/RISCV/TinyRiscV_My/Tiny_A7/Tiny_FPGA/Tiny_FPGA.srcs/sources_1/imports/rtl/perips/gpio.v" into library xil_defaultlib
INFO: [VRFC 10-311] analyzing module gpio
INFO: [VRFC 10-2263] Analyzing Verilog file "C:/Users/ShoudongLUO/Desktop/RISCV/TinyRiscV_My/Tiny_A7/Tiny_FPGA/Tiny_FPGA.srcs/sources_1/imports/rtl/core/gpr_reg.v" into library xil_defaultlib
INFO: [VRFC 10-311] analyzing module gpr_reg
INFO: [VRFC 10-2263] Analyzing Verilog file "C:/Users/ShoudongLUO/Desktop/RISCV/TinyRiscV_My/Tiny_A7/Tiny_FPGA/Tiny_FPGA.srcs/sources_1/imports/rtl/perips/i2c_master.v" into library xil_defaultlib
INFO: [VRFC 10-311] analyzing module i2c_master
INFO: [VRFC 10-2263] Analyzing Verilog file "C:/Users/ShoudongLUO/Desktop/RISCV/TinyRiscV_My/Tiny_A7/Tiny_FPGA/Tiny_FPGA.srcs/sources_1/imports/rtl/core/idu.v" into library xil_defaultlib
INFO: [VRFC 10-311] analyzing module idu
INFO: [VRFC 10-2263] Analyzing Verilog file "C:/Users/ShoudongLUO/Desktop/RISCV/TinyRiscV_My/Tiny_A7/Tiny_FPGA/Tiny_FPGA.srcs/sources_1/imports/rtl/core/idu_exu.v" into library xil_defaultlib
INFO: [VRFC 10-311] analyzing module idu_exu
INFO: [VRFC 10-2263] Analyzing Verilog file "C:/Users/ShoudongLUO/Desktop/RISCV/TinyRiscV_My/Tiny_A7/Tiny_FPGA/Tiny_FPGA.srcs/sources_1/imports/rtl/core/ifu.v" into library xil_defaultlib
INFO: [VRFC 10-311] analyzing module ifu
INFO: [VRFC 10-2263] Analyzing Verilog file "C:/Users/ShoudongLUO/Desktop/RISCV/TinyRiscV_My/Tiny_A7/Tiny_FPGA/Tiny_FPGA.srcs/sources_1/imports/rtl/core/ifu_idu.v" into library xil_defaultlib
INFO: [VRFC 10-311] analyzing module ifu_idu
INFO: [VRFC 10-2263] Analyzing Verilog file "C:/Users/ShoudongLUO/Desktop/RISCV/TinyRiscV_My/Tiny_A7/Tiny_FPGA/Tiny_FPGA.srcs/sources_1/imports/rtl/debug/jtag_dm.v" into library xil_defaultlib
INFO: [VRFC 10-311] analyzing module jtag_dm
INFO: [VRFC 10-2263] Analyzing Verilog file "C:/Users/ShoudongLUO/Desktop/RISCV/TinyRiscV_My/Tiny_A7/Tiny_FPGA/Tiny_FPGA.srcs/sources_1/imports/rtl/debug/jtag_driver.v" into library xil_defaultlib
INFO: [VRFC 10-311] analyzing module jtag_driver
INFO: [VRFC 10-2263] Analyzing Verilog file "C:/Users/ShoudongLUO/Desktop/RISCV/TinyRiscV_My/Tiny_A7/Tiny_FPGA/Tiny_FPGA.srcs/sources_1/imports/rtl/debug/jtag_top.v" into library xil_defaultlib
INFO: [VRFC 10-311] analyzing module jtag_top
INFO: [VRFC 10-2263] Analyzing Verilog file "C:/Users/ShoudongLUO/Desktop/RISCV/TinyRiscV_My/Tiny_A7/Tiny_FPGA/Tiny_FPGA.srcs/sources_1/imports/rtl/core/pipe_ctrl.v" into library xil_defaultlib
INFO: [VRFC 10-311] analyzing module pipe_ctrl
INFO: [VRFC 10-2263] Analyzing Verilog file "C:/Users/ShoudongLUO/Desktop/RISCV/TinyRiscV_My/Tiny_A7/Tiny_FPGA/Tiny_FPGA.srcs/sources_1/imports/rtl/perips/ADC_UDP_TOP/FIFO/prim_fifo_async.v" into library xil_defaultlib
INFO: [VRFC 10-311] analyzing module prim_fifo_async
INFO: [VRFC 10-2263] Analyzing Verilog file "C:/Users/ShoudongLUO/Desktop/RISCV/TinyRiscV_My/Tiny_A7/Tiny_FPGA/Tiny_FPGA.srcs/sources_1/imports/rtl/perips/ADC_UDP_TOP/FIFO/prim_flop.v" into library xil_defaultlib
INFO: [VRFC 10-311] analyzing module prim_flop_v
INFO: [VRFC 10-2263] Analyzing Verilog file "C:/Users/ShoudongLUO/Desktop/RISCV/TinyRiscV_My/Tiny_A7/Tiny_FPGA/Tiny_FPGA.srcs/sources_1/imports/rtl/perips/ADC_UDP_TOP/FIFO/prim_flop_2sync.v" into library xil_defaultlib
INFO: [VRFC 10-311] analyzing module prim_flop_2sync_v
INFO: [VRFC 10-2263] Analyzing Verilog file "C:/Users/ShoudongLUO/Desktop/RISCV/TinyRiscV_My/Tiny_A7/Tiny_FPGA/Tiny_FPGA.srcs/sources_1/imports/rtl/perips/ram.v" into library xil_defaultlib
INFO: [VRFC 10-311] analyzing module ram
INFO: [VRFC 10-2263] Analyzing Verilog file "C:/Users/ShoudongLUO/Desktop/RISCV/TinyRiscV_My/Tiny_A7/Tiny_FPGA/Tiny_FPGA.srcs/sources_1/imports/rtl/perips/ADC_UDP_TOP/rgmii_tx.v" into library xil_defaultlib
INFO: [VRFC 10-311] analyzing module rgmii_tx
INFO: [VRFC 10-2263] Analyzing Verilog file "C:/Users/ShoudongLUO/Desktop/RISCV/TinyRiscV_My/Tiny_A7/Tiny_FPGA/Tiny_FPGA.srcs/sources_1/imports/rtl/sys_bus/rib.v" into library xil_defaultlib
INFO: [VRFC 10-311] analyzing module rib
INFO: [VRFC 10-2263] Analyzing Verilog file "C:/Users/ShoudongLUO/Desktop/RISCV/TinyRiscV_My/Tiny_A7/Tiny_FPGA/Tiny_FPGA.srcs/sources_1/imports/rtl/perips/ADC_UDP_TOP/rib_wr.v" into library xil_defaultlib
INFO: [VRFC 10-311] analyzing module rib_wr
INFO: [VRFC 10-2263] Analyzing Verilog file "C:/Users/ShoudongLUO/Desktop/RISCV/TinyRiscV_My/Tiny_A7/Tiny_FPGA/Tiny_FPGA.srcs/sources_1/imports/rtl/perips/rom.v" into library xil_defaultlib
INFO: [VRFC 10-311] analyzing module rom
INFO: [VRFC 10-2263] Analyzing Verilog file "C:/Users/ShoudongLUO/Desktop/RISCV/TinyRiscV_My/Tiny_A7/Tiny_FPGA/Tiny_FPGA.srcs/sources_1/imports/rtl/core/rst_ctrl.v" into library xil_defaultlib
INFO: [VRFC 10-311] analyzing module rst_ctrl
INFO: [VRFC 10-2263] Analyzing Verilog file "C:/Users/ShoudongLUO/Desktop/RISCV/TinyRiscV_My/Tiny_A7/Tiny_FPGA/Tiny_FPGA.srcs/sources_1/imports/rtl/utils/sipo_converter.v" into library xil_defaultlib
INFO: [VRFC 10-311] analyzing module sipo_converter
INFO: [VRFC 10-2263] Analyzing Verilog file "C:/Users/ShoudongLUO/Desktop/RISCV/TinyRiscV_My/Tiny_A7/Tiny_FPGA/Tiny_FPGA.srcs/sources_1/imports/rtl/perips/timer.v" into library xil_defaultlib
INFO: [VRFC 10-311] analyzing module timer
INFO: [VRFC 10-2263] Analyzing Verilog file "C:/Users/ShoudongLUO/Desktop/RISCV/TinyRiscV_My/Tiny_A7/Tiny_FPGA/Tiny_FPGA.srcs/sources_1/imports/rtl/core/tinyriscv_core.v" into library xil_defaultlib
INFO: [VRFC 10-311] analyzing module tinyriscv_core
INFO: [VRFC 10-2263] Analyzing Verilog file "C:/Users/ShoudongLUO/Desktop/RISCV/TinyRiscV_My/Tiny_A7/Tiny_FPGA/Tiny_FPGA.srcs/sources_1/imports/rtl/top/tinyriscv_soc_top.v" into library xil_defaultlib
INFO: [VRFC 10-311] analyzing module tinyriscv_soc_top
WARNING: [VRFC 10-3380] identifier 'ADC_WIDTH' is used before its declaration [C:/Users/ShoudongLUO/Desktop/RISCV/TinyRiscV_My/Tiny_A7/Tiny_FPGA/Tiny_FPGA.srcs/sources_1/imports/rtl/top/tinyriscv_soc_top.v:59]
INFO: [VRFC 10-2263] Analyzing Verilog file "C:/Users/ShoudongLUO/Desktop/RISCV/TinyRiscV_My/Tiny_A7/Tiny_FPGA/Tiny_FPGA.srcs/sources_1/imports/rtl/perips/ADC_UDP_TOP/top_ctrl.v" into library xil_defaultlib
INFO: [VRFC 10-311] analyzing module top_ctrl
INFO: [VRFC 10-2263] Analyzing Verilog file "C:/Users/ShoudongLUO/Desktop/RISCV/TinyRiscV_My/Tiny_A7/Tiny_FPGA/Tiny_FPGA.srcs/sources_1/imports/rtl/perips/uart.v" into library xil_defaultlib
INFO: [VRFC 10-311] analyzing module uart
INFO: [VRFC 10-2263] Analyzing Verilog file "C:/Users/ShoudongLUO/Desktop/RISCV/TinyRiscV_My/Tiny_A7/Tiny_FPGA/Tiny_FPGA.srcs/sources_1/imports/rtl/perips/ADC_UDP_TOP/udp.v" into library xil_defaultlib
INFO: [VRFC 10-311] analyzing module udp
INFO: [VRFC 10-2263] Analyzing Verilog file "C:/Users/ShoudongLUO/Desktop/RISCV/TinyRiscV_My/Tiny_A7/Tiny_FPGA/Tiny_FPGA.srcs/sources_1/imports/rtl/perips/ADC_UDP_TOP/udp_core.v" into library xil_defaultlib
INFO: [VRFC 10-311] analyzing module udp_core
INFO: [VRFC 10-2263] Analyzing Verilog file "C:/Users/ShoudongLUO/Desktop/RISCV/TinyRiscV_My/Tiny_A7/Tiny_FPGA/Tiny_FPGA.srcs/sources_1/imports/rtl/perips/ADC_UDP_TOP/udp_tx.v" into library xil_defaultlib
INFO: [VRFC 10-311] analyzing module udp_tx
INFO: [VRFC 10-2263] Analyzing Verilog file "C:/Users/ShoudongLUO/Desktop/RISCV/TinyRiscV_My/Tiny_A7/Tiny_FPGA/Tiny_FPGA.srcs/sources_1/imports/rtl/utils/vld_rdy.v" into library xil_defaultlib
INFO: [VRFC 10-311] analyzing module vld_rdy
INFO: [VRFC 10-2263] Analyzing Verilog file "C:/Users/ShoudongLUO/Desktop/RISCV/TinyRiscV_My/Tiny_A7/Tiny_FPGA/Tiny_FPGA.srcs/sim_1/new/test_tb.v" into library xil_defaultlib
INFO: [VRFC 10-311] analyzing module tb_fpga_sipo_test
